// Jest Snapshot v1, https://goo.gl/fbAQLP

exports[`Item renders snapshot 1`] = `
<div
  className="item"
>
  <span
    style={
      Object {
        "width": "40%",
      }
    }
  >
    <a
      href="https://reactjs.org/"
    >
      React
    </a>
  </span>
  <span
    style={
      Object {
        "width": "30%",
      }
    }
  >
    Jordan Walke
  </span>
  <span
    style={
      Object {
        "width": "10%",
      }
    }
  >
    3
  </span>
  <span
    style={
      Object {
        "width": "10%",
      }
    }
  >
    4
  </span>
  <span
    style={
      Object {
        "width": "10%",
      }
    }
  >
    <button
      className="button button_small"
      onClick={[Function]}
      type="button"
    >
      <svg
        aria-hidden={true}
        className="MuiSvgIcon-root"
        focusable="false"
        size="sm"
        viewBox="0 0 24 24"
      >
        <path
          d="M9 16.17L4.83 12l-1.42 1.41L9 19 21 7l-1.41-1.41z"
        />
      </svg>
    </button>
  </span>
</div>
`;
